// Vitest Snapshot v1, https://vitest.dev/guide/snapshot.html

exports[`V1 OpenAPI > matches snapshot 1`] = `
{
  "components": {
    "parameters": {},
    "schemas": {
      "V1ErrorResponse": {
        "properties": {
          "error": {
            "type": "string",
          },
        },
        "required": [
          "error",
        ],
        "type": "object",
      },
      "V1Message": {
        "properties": {
          "addresses": {
            "items": {
              "properties": {
                "coordinates": {
                  "properties": {
                    "lat": {
                      "type": "number",
                    },
                    "lng": {
                      "type": "number",
                    },
                  },
                  "required": [
                    "lat",
                    "lng",
                  ],
                  "type": "object",
                },
                "formattedAddress": {
                  "type": "string",
                },
                "geoJson": {
                  "properties": {
                    "coordinates": {
                      "items": {
                        "type": "number",
                      },
                      "maxItems": 2,
                      "minItems": 2,
                      "type": "array",
                    },
                    "type": {
                      "enum": [
                        "Point",
                      ],
                      "type": "string",
                    },
                  },
                  "required": [
                    "type",
                    "coordinates",
                  ],
                  "type": "object",
                },
                "originalText": {
                  "type": "string",
                },
              },
              "required": [
                "originalText",
                "formattedAddress",
                "coordinates",
              ],
              "type": "object",
            },
            "type": "array",
          },
          "busStops": {
            "items": {
              "type": "string",
            },
            "type": "array",
          },
          "cadastralProperties": {
            "items": {
              "properties": {
                "identifier": {
                  "type": "string",
                },
                "timespans": {
                  "items": {
                    "properties": {
                      "end": {
                        "type": "string",
                      },
                      "start": {
                        "type": "string",
                      },
                    },
                    "required": [
                      "start",
                      "end",
                    ],
                    "type": "object",
                  },
                  "type": "array",
                },
              },
              "required": [
                "identifier",
                "timespans",
              ],
              "type": "object",
            },
            "type": "array",
          },
          "categories": {
            "items": {
              "enum": [
                "air-quality",
                "art",
                "bicycles",
                "construction-and-repairs",
                "culture",
                "electricity",
                "health",
                "heating",
                "parking",
                "public-transport",
                "road-block",
                "sports",
                "traffic",
                "vehicles",
                "waste",
                "water",
                "weather",
              ],
              "type": "string",
            },
            "type": "array",
          },
          "cityWide": {
            "type": "boolean",
          },
          "crawledAt": {
            "type": "string",
          },
          "createdAt": {
            "type": "string",
          },
          "finalizedAt": {
            "type": "string",
          },
          "geoJson": {
            "properties": {
              "features": {
                "items": {
                  "properties": {
                    "geometry": {
                      "oneOf": [
                        {
                          "properties": {
                            "coordinates": {
                              "items": {
                                "type": "number",
                              },
                              "maxItems": 2,
                              "minItems": 2,
                              "type": "array",
                            },
                            "type": {
                              "enum": [
                                "Point",
                              ],
                              "type": "string",
                            },
                          },
                          "required": [
                            "type",
                            "coordinates",
                          ],
                          "type": "object",
                        },
                        {
                          "properties": {
                            "coordinates": {
                              "items": {
                                "items": {
                                  "type": "number",
                                },
                                "maxItems": 2,
                                "minItems": 2,
                                "type": "array",
                              },
                              "type": "array",
                            },
                            "type": {
                              "enum": [
                                "MultiPoint",
                              ],
                              "type": "string",
                            },
                          },
                          "required": [
                            "type",
                            "coordinates",
                          ],
                          "type": "object",
                        },
                        {
                          "properties": {
                            "coordinates": {
                              "items": {
                                "items": {
                                  "type": "number",
                                },
                                "maxItems": 2,
                                "minItems": 2,
                                "type": "array",
                              },
                              "type": "array",
                            },
                            "type": {
                              "enum": [
                                "LineString",
                              ],
                              "type": "string",
                            },
                          },
                          "required": [
                            "type",
                            "coordinates",
                          ],
                          "type": "object",
                        },
                        {
                          "properties": {
                            "coordinates": {
                              "items": {
                                "items": {
                                  "items": {
                                    "type": "number",
                                  },
                                  "maxItems": 2,
                                  "minItems": 2,
                                  "type": "array",
                                },
                                "type": "array",
                              },
                              "type": "array",
                            },
                            "type": {
                              "enum": [
                                "Polygon",
                              ],
                              "type": "string",
                            },
                          },
                          "required": [
                            "type",
                            "coordinates",
                          ],
                          "type": "object",
                        },
                      ],
                    },
                    "properties": {
                      "additionalProperties": {
                        "nullable": true,
                      },
                      "type": "object",
                    },
                    "type": {
                      "enum": [
                        "Feature",
                      ],
                      "type": "string",
                    },
                  },
                  "required": [
                    "type",
                    "geometry",
                    "properties",
                  ],
                  "type": "object",
                },
                "type": "array",
              },
              "type": {
                "enum": [
                  "FeatureCollection",
                ],
                "type": "string",
              },
            },
            "required": [
              "type",
              "features",
            ],
            "type": "object",
          },
          "id": {
            "type": "string",
          },
          "locality": {
            "type": "string",
          },
          "markdownText": {
            "type": "string",
          },
          "pins": {
            "items": {
              "properties": {
                "address": {
                  "type": "string",
                },
                "coordinates": {
                  "properties": {
                    "lat": {
                      "type": "number",
                    },
                    "lng": {
                      "type": "number",
                    },
                  },
                  "required": [
                    "lat",
                    "lng",
                  ],
                  "type": "object",
                },
                "timespans": {
                  "items": {
                    "properties": {
                      "end": {
                        "type": "string",
                      },
                      "start": {
                        "type": "string",
                      },
                    },
                    "required": [
                      "start",
                      "end",
                    ],
                    "type": "object",
                  },
                  "type": "array",
                },
              },
              "required": [
                "address",
                "timespans",
              ],
              "type": "object",
            },
            "type": "array",
          },
          "plainText": {
            "type": "string",
          },
          "responsibleEntity": {
            "type": "string",
          },
          "source": {
            "type": "string",
          },
          "sourceUrl": {
            "type": "string",
          },
          "streets": {
            "items": {
              "properties": {
                "from": {
                  "type": "string",
                },
                "fromCoordinates": {
                  "properties": {
                    "lat": {
                      "type": "number",
                    },
                    "lng": {
                      "type": "number",
                    },
                  },
                  "required": [
                    "lat",
                    "lng",
                  ],
                  "type": "object",
                },
                "street": {
                  "type": "string",
                },
                "timespans": {
                  "items": {
                    "properties": {
                      "end": {
                        "type": "string",
                      },
                      "start": {
                        "type": "string",
                      },
                    },
                    "required": [
                      "start",
                      "end",
                    ],
                    "type": "object",
                  },
                  "type": "array",
                },
                "to": {
                  "type": "string",
                },
                "toCoordinates": {
                  "properties": {
                    "lat": {
                      "type": "number",
                    },
                    "lng": {
                      "type": "number",
                    },
                  },
                  "required": [
                    "lat",
                    "lng",
                  ],
                  "type": "object",
                },
              },
              "required": [
                "street",
                "from",
                "to",
                "timespans",
              ],
              "type": "object",
            },
            "type": "array",
          },
          "text": {
            "type": "string",
          },
          "timespanEnd": {
            "type": "string",
          },
          "timespanStart": {
            "type": "string",
          },
        },
        "required": [
          "text",
          "createdAt",
          "locality",
        ],
        "type": "object",
      },
      "V1MessageResponse": {
        "properties": {
          "message": {
            "properties": {
              "addresses": {
                "items": {
                  "properties": {
                    "coordinates": {
                      "properties": {
                        "lat": {
                          "type": "number",
                        },
                        "lng": {
                          "type": "number",
                        },
                      },
                      "required": [
                        "lat",
                        "lng",
                      ],
                      "type": "object",
                    },
                    "formattedAddress": {
                      "type": "string",
                    },
                    "geoJson": {
                      "properties": {
                        "coordinates": {
                          "items": {
                            "type": "number",
                          },
                          "maxItems": 2,
                          "minItems": 2,
                          "type": "array",
                        },
                        "type": {
                          "enum": [
                            "Point",
                          ],
                          "type": "string",
                        },
                      },
                      "required": [
                        "type",
                        "coordinates",
                      ],
                      "type": "object",
                    },
                    "originalText": {
                      "type": "string",
                    },
                  },
                  "required": [
                    "originalText",
                    "formattedAddress",
                    "coordinates",
                  ],
                  "type": "object",
                },
                "type": "array",
              },
              "busStops": {
                "items": {
                  "type": "string",
                },
                "type": "array",
              },
              "cadastralProperties": {
                "items": {
                  "properties": {
                    "identifier": {
                      "type": "string",
                    },
                    "timespans": {
                      "items": {
                        "properties": {
                          "end": {
                            "type": "string",
                          },
                          "start": {
                            "type": "string",
                          },
                        },
                        "required": [
                          "start",
                          "end",
                        ],
                        "type": "object",
                      },
                      "type": "array",
                    },
                  },
                  "required": [
                    "identifier",
                    "timespans",
                  ],
                  "type": "object",
                },
                "type": "array",
              },
              "categories": {
                "items": {
                  "enum": [
                    "air-quality",
                    "art",
                    "bicycles",
                    "construction-and-repairs",
                    "culture",
                    "electricity",
                    "health",
                    "heating",
                    "parking",
                    "public-transport",
                    "road-block",
                    "sports",
                    "traffic",
                    "vehicles",
                    "waste",
                    "water",
                    "weather",
                  ],
                  "type": "string",
                },
                "type": "array",
              },
              "cityWide": {
                "type": "boolean",
              },
              "crawledAt": {
                "type": "string",
              },
              "createdAt": {
                "type": "string",
              },
              "finalizedAt": {
                "type": "string",
              },
              "geoJson": {
                "properties": {
                  "features": {
                    "items": {
                      "properties": {
                        "geometry": {
                          "oneOf": [
                            {
                              "properties": {
                                "coordinates": {
                                  "items": {
                                    "type": "number",
                                  },
                                  "maxItems": 2,
                                  "minItems": 2,
                                  "type": "array",
                                },
                                "type": {
                                  "enum": [
                                    "Point",
                                  ],
                                  "type": "string",
                                },
                              },
                              "required": [
                                "type",
                                "coordinates",
                              ],
                              "type": "object",
                            },
                            {
                              "properties": {
                                "coordinates": {
                                  "items": {
                                    "items": {
                                      "type": "number",
                                    },
                                    "maxItems": 2,
                                    "minItems": 2,
                                    "type": "array",
                                  },
                                  "type": "array",
                                },
                                "type": {
                                  "enum": [
                                    "MultiPoint",
                                  ],
                                  "type": "string",
                                },
                              },
                              "required": [
                                "type",
                                "coordinates",
                              ],
                              "type": "object",
                            },
                            {
                              "properties": {
                                "coordinates": {
                                  "items": {
                                    "items": {
                                      "type": "number",
                                    },
                                    "maxItems": 2,
                                    "minItems": 2,
                                    "type": "array",
                                  },
                                  "type": "array",
                                },
                                "type": {
                                  "enum": [
                                    "LineString",
                                  ],
                                  "type": "string",
                                },
                              },
                              "required": [
                                "type",
                                "coordinates",
                              ],
                              "type": "object",
                            },
                            {
                              "properties": {
                                "coordinates": {
                                  "items": {
                                    "items": {
                                      "items": {
                                        "type": "number",
                                      },
                                      "maxItems": 2,
                                      "minItems": 2,
                                      "type": "array",
                                    },
                                    "type": "array",
                                  },
                                  "type": "array",
                                },
                                "type": {
                                  "enum": [
                                    "Polygon",
                                  ],
                                  "type": "string",
                                },
                              },
                              "required": [
                                "type",
                                "coordinates",
                              ],
                              "type": "object",
                            },
                          ],
                        },
                        "properties": {
                          "additionalProperties": {
                            "nullable": true,
                          },
                          "type": "object",
                        },
                        "type": {
                          "enum": [
                            "Feature",
                          ],
                          "type": "string",
                        },
                      },
                      "required": [
                        "type",
                        "geometry",
                        "properties",
                      ],
                      "type": "object",
                    },
                    "type": "array",
                  },
                  "type": {
                    "enum": [
                      "FeatureCollection",
                    ],
                    "type": "string",
                  },
                },
                "required": [
                  "type",
                  "features",
                ],
                "type": "object",
              },
              "id": {
                "type": "string",
              },
              "locality": {
                "type": "string",
              },
              "markdownText": {
                "type": "string",
              },
              "pins": {
                "items": {
                  "properties": {
                    "address": {
                      "type": "string",
                    },
                    "coordinates": {
                      "properties": {
                        "lat": {
                          "type": "number",
                        },
                        "lng": {
                          "type": "number",
                        },
                      },
                      "required": [
                        "lat",
                        "lng",
                      ],
                      "type": "object",
                    },
                    "timespans": {
                      "items": {
                        "properties": {
                          "end": {
                            "type": "string",
                          },
                          "start": {
                            "type": "string",
                          },
                        },
                        "required": [
                          "start",
                          "end",
                        ],
                        "type": "object",
                      },
                      "type": "array",
                    },
                  },
                  "required": [
                    "address",
                    "timespans",
                  ],
                  "type": "object",
                },
                "type": "array",
              },
              "plainText": {
                "type": "string",
              },
              "responsibleEntity": {
                "type": "string",
              },
              "source": {
                "type": "string",
              },
              "sourceUrl": {
                "type": "string",
              },
              "streets": {
                "items": {
                  "properties": {
                    "from": {
                      "type": "string",
                    },
                    "fromCoordinates": {
                      "properties": {
                        "lat": {
                          "type": "number",
                        },
                        "lng": {
                          "type": "number",
                        },
                      },
                      "required": [
                        "lat",
                        "lng",
                      ],
                      "type": "object",
                    },
                    "street": {
                      "type": "string",
                    },
                    "timespans": {
                      "items": {
                        "properties": {
                          "end": {
                            "type": "string",
                          },
                          "start": {
                            "type": "string",
                          },
                        },
                        "required": [
                          "start",
                          "end",
                        ],
                        "type": "object",
                      },
                      "type": "array",
                    },
                    "to": {
                      "type": "string",
                    },
                    "toCoordinates": {
                      "properties": {
                        "lat": {
                          "type": "number",
                        },
                        "lng": {
                          "type": "number",
                        },
                      },
                      "required": [
                        "lat",
                        "lng",
                      ],
                      "type": "object",
                    },
                  },
                  "required": [
                    "street",
                    "from",
                    "to",
                    "timespans",
                  ],
                  "type": "object",
                },
                "type": "array",
              },
              "text": {
                "type": "string",
              },
              "timespanEnd": {
                "type": "string",
              },
              "timespanStart": {
                "type": "string",
              },
            },
            "required": [
              "text",
              "createdAt",
              "locality",
            ],
            "type": "object",
          },
        },
        "required": [
          "message",
        ],
        "type": "object",
      },
      "V1MessagesResponse": {
        "properties": {
          "messages": {
            "items": {
              "properties": {
                "addresses": {
                  "items": {
                    "properties": {
                      "coordinates": {
                        "properties": {
                          "lat": {
                            "type": "number",
                          },
                          "lng": {
                            "type": "number",
                          },
                        },
                        "required": [
                          "lat",
                          "lng",
                        ],
                        "type": "object",
                      },
                      "formattedAddress": {
                        "type": "string",
                      },
                      "geoJson": {
                        "properties": {
                          "coordinates": {
                            "items": {
                              "type": "number",
                            },
                            "maxItems": 2,
                            "minItems": 2,
                            "type": "array",
                          },
                          "type": {
                            "enum": [
                              "Point",
                            ],
                            "type": "string",
                          },
                        },
                        "required": [
                          "type",
                          "coordinates",
                        ],
                        "type": "object",
                      },
                      "originalText": {
                        "type": "string",
                      },
                    },
                    "required": [
                      "originalText",
                      "formattedAddress",
                      "coordinates",
                    ],
                    "type": "object",
                  },
                  "type": "array",
                },
                "busStops": {
                  "items": {
                    "type": "string",
                  },
                  "type": "array",
                },
                "cadastralProperties": {
                  "items": {
                    "properties": {
                      "identifier": {
                        "type": "string",
                      },
                      "timespans": {
                        "items": {
                          "properties": {
                            "end": {
                              "type": "string",
                            },
                            "start": {
                              "type": "string",
                            },
                          },
                          "required": [
                            "start",
                            "end",
                          ],
                          "type": "object",
                        },
                        "type": "array",
                      },
                    },
                    "required": [
                      "identifier",
                      "timespans",
                    ],
                    "type": "object",
                  },
                  "type": "array",
                },
                "categories": {
                  "items": {
                    "enum": [
                      "air-quality",
                      "art",
                      "bicycles",
                      "construction-and-repairs",
                      "culture",
                      "electricity",
                      "health",
                      "heating",
                      "parking",
                      "public-transport",
                      "road-block",
                      "sports",
                      "traffic",
                      "vehicles",
                      "waste",
                      "water",
                      "weather",
                    ],
                    "type": "string",
                  },
                  "type": "array",
                },
                "cityWide": {
                  "type": "boolean",
                },
                "crawledAt": {
                  "type": "string",
                },
                "createdAt": {
                  "type": "string",
                },
                "finalizedAt": {
                  "type": "string",
                },
                "geoJson": {
                  "properties": {
                    "features": {
                      "items": {
                        "properties": {
                          "geometry": {
                            "oneOf": [
                              {
                                "properties": {
                                  "coordinates": {
                                    "items": {
                                      "type": "number",
                                    },
                                    "maxItems": 2,
                                    "minItems": 2,
                                    "type": "array",
                                  },
                                  "type": {
                                    "enum": [
                                      "Point",
                                    ],
                                    "type": "string",
                                  },
                                },
                                "required": [
                                  "type",
                                  "coordinates",
                                ],
                                "type": "object",
                              },
                              {
                                "properties": {
                                  "coordinates": {
                                    "items": {
                                      "items": {
                                        "type": "number",
                                      },
                                      "maxItems": 2,
                                      "minItems": 2,
                                      "type": "array",
                                    },
                                    "type": "array",
                                  },
                                  "type": {
                                    "enum": [
                                      "MultiPoint",
                                    ],
                                    "type": "string",
                                  },
                                },
                                "required": [
                                  "type",
                                  "coordinates",
                                ],
                                "type": "object",
                              },
                              {
                                "properties": {
                                  "coordinates": {
                                    "items": {
                                      "items": {
                                        "type": "number",
                                      },
                                      "maxItems": 2,
                                      "minItems": 2,
                                      "type": "array",
                                    },
                                    "type": "array",
                                  },
                                  "type": {
                                    "enum": [
                                      "LineString",
                                    ],
                                    "type": "string",
                                  },
                                },
                                "required": [
                                  "type",
                                  "coordinates",
                                ],
                                "type": "object",
                              },
                              {
                                "properties": {
                                  "coordinates": {
                                    "items": {
                                      "items": {
                                        "items": {
                                          "type": "number",
                                        },
                                        "maxItems": 2,
                                        "minItems": 2,
                                        "type": "array",
                                      },
                                      "type": "array",
                                    },
                                    "type": "array",
                                  },
                                  "type": {
                                    "enum": [
                                      "Polygon",
                                    ],
                                    "type": "string",
                                  },
                                },
                                "required": [
                                  "type",
                                  "coordinates",
                                ],
                                "type": "object",
                              },
                            ],
                          },
                          "properties": {
                            "additionalProperties": {
                              "nullable": true,
                            },
                            "type": "object",
                          },
                          "type": {
                            "enum": [
                              "Feature",
                            ],
                            "type": "string",
                          },
                        },
                        "required": [
                          "type",
                          "geometry",
                          "properties",
                        ],
                        "type": "object",
                      },
                      "type": "array",
                    },
                    "type": {
                      "enum": [
                        "FeatureCollection",
                      ],
                      "type": "string",
                    },
                  },
                  "required": [
                    "type",
                    "features",
                  ],
                  "type": "object",
                },
                "id": {
                  "type": "string",
                },
                "locality": {
                  "type": "string",
                },
                "markdownText": {
                  "type": "string",
                },
                "pins": {
                  "items": {
                    "properties": {
                      "address": {
                        "type": "string",
                      },
                      "coordinates": {
                        "properties": {
                          "lat": {
                            "type": "number",
                          },
                          "lng": {
                            "type": "number",
                          },
                        },
                        "required": [
                          "lat",
                          "lng",
                        ],
                        "type": "object",
                      },
                      "timespans": {
                        "items": {
                          "properties": {
                            "end": {
                              "type": "string",
                            },
                            "start": {
                              "type": "string",
                            },
                          },
                          "required": [
                            "start",
                            "end",
                          ],
                          "type": "object",
                        },
                        "type": "array",
                      },
                    },
                    "required": [
                      "address",
                      "timespans",
                    ],
                    "type": "object",
                  },
                  "type": "array",
                },
                "plainText": {
                  "type": "string",
                },
                "responsibleEntity": {
                  "type": "string",
                },
                "source": {
                  "type": "string",
                },
                "sourceUrl": {
                  "type": "string",
                },
                "streets": {
                  "items": {
                    "properties": {
                      "from": {
                        "type": "string",
                      },
                      "fromCoordinates": {
                        "properties": {
                          "lat": {
                            "type": "number",
                          },
                          "lng": {
                            "type": "number",
                          },
                        },
                        "required": [
                          "lat",
                          "lng",
                        ],
                        "type": "object",
                      },
                      "street": {
                        "type": "string",
                      },
                      "timespans": {
                        "items": {
                          "properties": {
                            "end": {
                              "type": "string",
                            },
                            "start": {
                              "type": "string",
                            },
                          },
                          "required": [
                            "start",
                            "end",
                          ],
                          "type": "object",
                        },
                        "type": "array",
                      },
                      "to": {
                        "type": "string",
                      },
                      "toCoordinates": {
                        "properties": {
                          "lat": {
                            "type": "number",
                          },
                          "lng": {
                            "type": "number",
                          },
                        },
                        "required": [
                          "lat",
                          "lng",
                        ],
                        "type": "object",
                      },
                    },
                    "required": [
                      "street",
                      "from",
                      "to",
                      "timespans",
                    ],
                    "type": "object",
                  },
                  "type": "array",
                },
                "text": {
                  "type": "string",
                },
                "timespanEnd": {
                  "type": "string",
                },
                "timespanStart": {
                  "type": "string",
                },
              },
              "required": [
                "text",
                "createdAt",
                "locality",
              ],
              "type": "object",
            },
            "type": "array",
          },
        },
        "required": [
          "messages",
        ],
        "type": "object",
      },
      "V1SourcesResponse": {
        "properties": {
          "sources": {
            "items": {
              "properties": {
                "id": {
                  "type": "string",
                },
                "locality": {
                  "type": "string",
                },
                "logoUrl": {
                  "type": "string",
                },
                "name": {
                  "type": "string",
                },
                "url": {
                  "type": "string",
                },
              },
              "required": [
                "id",
                "name",
                "url",
                "logoUrl",
                "locality",
              ],
              "type": "object",
            },
            "type": "array",
          },
        },
        "required": [
          "sources",
        ],
        "type": "object",
      },
    },
    "securitySchemes": {
      "ApiKeyAuth": {
        "description": "API key created and managed in OboApp Settings. Create an API key in Settings and include it in the X-Api-Key header.",
        "in": "header",
        "name": "X-Api-Key",
        "type": "apiKey",
      },
    },
  },
  "info": {
    "description": "Read-only public API for external consumption of OboApp city-infrastructure data. All data endpoints in this specification require a registered API key sent via the X-Api-Key header. You can create and manage API keys from the OboApp Settings page.",
    "title": "OboApp Public API",
    "version": "1.0.0",
  },
  "openapi": "3.0.0",
  "paths": {
    "/api/v1/messages": {
      "get": {
        "description": "Fetch messages, optionally filtered by bounds and categories.",
        "parameters": [
          {
            "in": "query",
            "name": "north",
            "required": false,
            "schema": {
              "type": "string",
            },
          },
          {
            "in": "query",
            "name": "south",
            "required": false,
            "schema": {
              "type": "string",
            },
          },
          {
            "in": "query",
            "name": "east",
            "required": false,
            "schema": {
              "type": "string",
            },
          },
          {
            "in": "query",
            "name": "west",
            "required": false,
            "schema": {
              "type": "string",
            },
          },
          {
            "in": "query",
            "name": "zoom",
            "required": false,
            "schema": {
              "type": "string",
            },
          },
          {
            "in": "query",
            "name": "categories",
            "required": false,
            "schema": {
              "type": "string",
            },
          },
        ],
        "responses": {
          "200": {
            "content": {
              "application/json": {
                "schema": {
                  "$ref": "#/components/schemas/V1MessagesResponse",
                },
              },
            },
            "description": "Messages response",
          },
          "400": {
            "content": {
              "application/json": {
                "schema": {
                  "$ref": "#/components/schemas/V1ErrorResponse",
                },
              },
            },
            "description": "Invalid query parameters",
          },
          "401": {
            "content": {
              "application/json": {
                "schema": {
                  "$ref": "#/components/schemas/V1ErrorResponse",
                },
              },
            },
            "description": "Invalid or missing API key",
          },
          "500": {
            "content": {
              "application/json": {
                "schema": {
                  "$ref": "#/components/schemas/V1ErrorResponse",
                },
              },
            },
            "description": "Server error",
          },
        },
        "security": [
          {
            "ApiKeyAuth": [],
          },
        ],
      },
    },
    "/api/v1/messages/by-id": {
      "get": {
        "description": "Fetch a single message by its ID.",
        "parameters": [
          {
            "in": "query",
            "name": "id",
            "required": true,
            "schema": {
              "type": "string",
            },
          },
        ],
        "responses": {
          "200": {
            "content": {
              "application/json": {
                "schema": {
                  "$ref": "#/components/schemas/V1MessageResponse",
                },
              },
            },
            "description": "Message response",
          },
          "400": {
            "content": {
              "application/json": {
                "schema": {
                  "$ref": "#/components/schemas/V1ErrorResponse",
                },
              },
            },
            "description": "Missing or invalid id parameter",
          },
          "401": {
            "content": {
              "application/json": {
                "schema": {
                  "$ref": "#/components/schemas/V1ErrorResponse",
                },
              },
            },
            "description": "Invalid or missing API key",
          },
          "404": {
            "content": {
              "application/json": {
                "schema": {
                  "$ref": "#/components/schemas/V1ErrorResponse",
                },
              },
            },
            "description": "Message not found",
          },
          "500": {
            "content": {
              "application/json": {
                "schema": {
                  "$ref": "#/components/schemas/V1ErrorResponse",
                },
              },
            },
            "description": "Server error",
          },
        },
        "security": [
          {
            "ApiKeyAuth": [],
          },
        ],
      },
    },
    "/api/v1/sources": {
      "get": {
        "description": "List all sources with logo URLs.",
        "responses": {
          "200": {
            "content": {
              "application/json": {
                "schema": {
                  "$ref": "#/components/schemas/V1SourcesResponse",
                },
              },
            },
            "description": "Sources response",
          },
          "401": {
            "content": {
              "application/json": {
                "schema": {
                  "$ref": "#/components/schemas/V1ErrorResponse",
                },
              },
            },
            "description": "Invalid or missing API key",
          },
          "500": {
            "content": {
              "application/json": {
                "schema": {
                  "$ref": "#/components/schemas/V1ErrorResponse",
                },
              },
            },
            "description": "Server error",
          },
        },
        "security": [
          {
            "ApiKeyAuth": [],
          },
        ],
      },
    },
  },
  "security": [
    {
      "ApiKeyAuth": [],
    },
  ],
}
`;
